sys_arch_freertos.c:59:7:sys_mbox_new	8	static
sys_arch_freertos.c:87:6:sys_mbox_free	8	static
sys_arch_freertos.c:117:6:sys_mbox_post	16	static
sys_arch_freertos.c:135:7:sys_mbox_trypost	16	static
sys_arch_freertos.c:178:7:sys_arch_mbox_fetch	32	static
sys_arch_freertos.c:238:7:sys_arch_mbox_tryfetch	16	static
sys_arch_freertos.c:273:7:sys_sem_new	16	static
sys_arch_freertos.c:320:7:sys_arch_sem_wait	16	static
sys_arch_freertos.c:362:7:sys_mutex_new	8	static
sys_arch_freertos.c:383:6:sys_mutex_lock	8	static
sys_arch_freertos.c:390:6:sys_mutex_unlock	0	static
sys_arch_freertos.c:398:6:sys_mutex_free	0	static
sys_arch_freertos.c:413:6:sys_sem_signal	0	static
sys_arch_freertos.c:426:6:sys_sem_free	0	static
sys_arch_freertos.c:438:6:sys_init	0	static
sys_arch_freertos.c:442:7:sys_now	0	static
sys_arch_freertos.c:465:14:sys_thread_new	32	static
sys_arch_freertos.c:504:12:sys_arch_protect	8	static
sys_arch_freertos.c:521:6:sys_arch_unprotect	0	static
sys_arch_freertos.c:530:6:sys_assert	0	static
