net_commands.c:35:13:telemetria_cmd	16	static
net_commands.c:81:13:protocol_version_cmd	8	static
net_commands.c:101:13:stall_control_cmd	16	static
net_commands.c:89:13:control_enable_cmd	16	static
debug.h:136:21:make_message	32	static
net_commands.c:112:13:axis_closed_loop_cmd	24	static
net_commands.c:207:13:axis_stop_cmd	8	static
net_commands.c:270:13:mem_info_cmd	16	static
net_commands.c:282:13:temperature_info_cmd	24	static
net_commands.c:49:13:logs_cmd	40	static
net_commands.c:144:13:axis_free_run_steps_cmd	48	static
net_commands.c:121:13:axis_free_run_cmd	48	static
net_commands.c:215:13:network_settings_cmd	80	static
net_commands.c:352:13:cmd_execute	40	static
