one-wire.c:94:16:read_bit	16	static
one-wire.c:109:13:write_bit	16	static
one-wire.c:77:6:DQ1_Init	4	static
one-wire.c:84:6:DQ1_StrongPullUp	4	static
one-wire.c:132:9:one_wire_send_reset	16	static
one-wire.c:156:9:one_wire_send_byte	32	static
one-wire.c:173:9:one_wire_send_bytes	40	static
one-wire.c:195:9:one_wire_receive	48	static
one-wire.c:219:9:one_wire_count	0	static
one-wire.c:229:9:one_wire_get_byte	8	static
one-wire.c:244:9:one_wire_get_bytes	16	static
one-wire.c:262:9:one_wire_calc_CRC	4	static
one-wire.c:286:6:one_wire_init	24	static
one-wire.c:301:9:one_wire_read_rom_code	56	static
one-wire.c:333:6:chcat	8	static
one-wire.c:357:6:strcat_num_8_hex	24	static
one-wire.c:377:9:one_wire_strcat_rom_code	40	static
one-wire.c:394:6:one_wire_reset_search	0	static
one-wire.c:414:6:one_wire_target_search	8	static
one-wire.c:436:6:one_wire_search	48	static
one-wire.c:550:6:one_wire_strong_pull_up	16	static
