queue.c:247:12:xQueueGenericReset	16	static
queue.c:358:16:xQueueGenericCreate	24	static
queue.c:699:16:xQueueCreateCountingSemaphore	24	static
queue.c:725:12:xQueueGenericSend	48	static
queue.c:482:16:xQueueCreateMutex	24	static
queue.c:574:13:xQueueGiveMutexRecursive	16	static
queue.c:923:12:xQueueGenericSendFromISR	32	static
queue.c:1074:12:xQueueGiveFromISR	16	static
queue.c:1239:12:xQueueReceive	48	static
queue.c:1381:12:xQueueSemaphoreTake	48	static
queue.c:629:13:xQueueTakeMutexRecursive	16	static
queue.c:1600:12:xQueuePeek	48	static
queue.c:1750:12:xQueueReceiveFromISR	32	static
queue.c:1841:12:xQueuePeekFromISR	24	static
queue.c:1895:13:uxQueueMessagesWaiting	16	static
queue.c:1911:13:uxQueueSpacesAvailable	16	static
queue.c:1929:13:uxQueueMessagesWaitingFromISR	8	static
queue.c:1941:6:vQueueDelete	8	static
queue.c:1985:14:uxQueueGetQueueNumber	0	static
queue.c:1995:7:vQueueSetQueueNumber	0	static
queue.c:2005:10:ucQueueGetQueueType	0	static
queue.c:2278:12:xQueueIsQueueEmptyFromISR	8	static
queue.c:2317:12:xQueueIsQueueFullFromISR	8	static
queue.c:2612:7:vQueueAddToRegistry	4	static
queue.c:2641:14:pcQueueGetName	0	static
queue.c:2669:7:vQueueUnregisterQueue	0	static
queue.c:2701:7:vQueueWaitForMessageRestricted	16	static
