tasks.c:3224:8:prvIdleTask	8	static
tasks.c:4912:13:prvAddCurrentTaskToDelayedList	24	static
tasks.c:732:13:xTaskCreate	40	static
tasks.c:1112:7:vTaskDelete	16	static
tasks.c:1333:13:eTaskGetState	16	static
tasks.c:1404:14:uxTaskPriorityGet	16	static
tasks.c:1426:14:uxTaskPriorityGetFromISR	8	static
tasks.c:1466:7:vTaskPrioritySet	32	static
tasks.c:1630:7:vTaskSuspend	24	static
tasks.c:1777:7:vTaskResume	32	static
tasks.c:1831:13:xTaskResumeFromISR	32	static
tasks.c:1901:6:vTaskStartScheduler	32	static
tasks.c:2021:6:vTaskEndScheduler	0	static
tasks.c:2032:6:vTaskSuspendAll	0	static
tasks.c:2215:12:xTaskGetTickCount	0	static
tasks.c:2230:12:xTaskGetTickCountFromISR	8	static
tasks.c:2261:13:uxTaskGetNumberOfTasks	0	static
tasks.c:2269:7:pcTaskGetName	8	static
tasks.c:2589:12:xTaskIncrementTick	48	static
tasks.c:2105:12:xTaskResumeAll	48	static
tasks.c:1204:7:vTaskDelayUntil	16	static
tasks.c:1288:7:vTaskDelay	16	static
tasks.c:3595:21:prvListTasksWithinSingleList.part.0	48	static
tasks.c:2409:14:uxTaskGetSystemState	32	static
tasks.c:2851:6:vTaskSwitchContext	24	static
tasks.c:2910:6:vTaskPlaceOnEventList	16	static
tasks.c:2927:6:vTaskPlaceOnUnorderedEventList	24	static
tasks.c:2953:7:vTaskPlaceOnEventListRestricted	24	static
tasks.c:2984:12:xTaskRemoveFromEventList	24	static
tasks.c:3052:6:vTaskRemoveFromUnorderedEventList	24	static
tasks.c:3086:6:vTaskSetTimeOutState	8	static
tasks.c:3098:6:vTaskInternalSetTimeOutState	0	static
tasks.c:3106:12:xTaskCheckForTimeOut	32	static
tasks.c:3169:6:vTaskMissedYield	0	static
tasks.c:3177:14:uxTaskGetTaskNumber	0	static
tasks.c:3200:7:vTaskSetTaskNumber	0	static
tasks.c:3499:7:vTaskGetInfo	24	static
tasks.c:3648:14:uxTaskGetStackHighWaterMark	0	static
tasks.c:3756:15:xTaskGetCurrentTaskHandle	0	static
tasks.c:3773:13:xTaskGetSchedulerState	0	static
tasks.c:3801:13:xTaskPriorityInherit	32	static
tasks.c:3888:13:xTaskPriorityDisinherit	32	static
tasks.c:3968:7:vTaskPriorityDisinheritAfterTimeout	32	static
tasks.c:4382:12:uxTaskResetEventItemValue	0	static
tasks.c:4398:8:pvTaskIncrementMutexHeldCount	0	static
tasks.c:4415:11:ulTaskNotifyTake	16	static
tasks.c:4483:13:xTaskNotifyWait	32	static
tasks.c:4563:13:xTaskGenericNotify	32	static
tasks.c:4669:13:xTaskGenericNotifyFromISR	32	static
tasks.c:4793:7:vTaskNotifyGiveFromISR	32	static
tasks.c:4882:13:xTaskNotifyStateClear	16	static
