api_msg.c:144:1:recv_udp	24	static
api_msg.c:347:1:err_tcp	24	static
api_msg.c:1208:1:do_writemore	40	static
api_msg.c:747:1:do_close_internal	24	static
api_msg.c:277:1:poll_tcp	16	static
api_msg.c:313:1:sent_tcp	16	static
api_msg.c:216:1:recv_tcp	24	static
api_msg.c:682:1:netconn_drain	32	static
api_msg.c:937:1:do_connected	24	static
api_msg.c:548:1:do_newconn	24	static
api_msg.c:572:1:netconn_alloc	16	static
api_msg.c:432:1:accept_function	32	static
api_msg.c:657:1:netconn_free	8	static
api_msg.c:832:1:do_delconn	8	static
api_msg.c:898:1:do_bind	8	static
api_msg.c:984:1:do_connect	16	static
api_msg.c:1042:1:do_disconnect	8	static
api_msg.c:1064:1:do_listen	16	static
api_msg.c:1120:1:do_send	24	static
api_msg.c:1173:1:do_recv	24	static
api_msg.c:1343:1:do_write	16	static
api_msg.c:1398:1:do_getaddr	16	static
api_msg.c:1451:1:do_close	8	static
