sockets.c:1026:1:lwip_selscan	80	static
sockets.c:1247:1:event_callback	32	static
sockets.c:1655:1:lwip_getsockopt_internal	16	static
sockets.c:2072:1:lwip_setsockopt_internal	16	static
sockets.c:184:1:lwip_socket_init	0	static
sockets.c:312:1:lwip_accept	72	static
sockets.c:405:1:lwip_bind	32	static
sockets.c:445:1:lwip_close	32	static
sockets.c:471:1:lwip_connect	32	static
sockets.c:525:1:lwip_listen	24	static
sockets.c:557:1:lwip_recvfrom	96	static
sockets.c:742:1:lwip_read	16	static
sockets.c:748:1:lwip_recv	16	static
sockets.c:754:1:lwip_send	64	static
sockets.c:790:1:lwip_sendto	64	static
sockets.c:948:1:lwip_socket	24	static
sockets.c:1004:1:lwip_write	56	static
sockets.c:1088:1:lwip_select	128	static
sockets.c:1367:1:lwip_shutdown	16	static
sockets.c:1443:1:lwip_getpeername	56	static
sockets.c:1449:1:lwip_getsockname	56	static
sockets.c:1455:1:lwip_getsockopt	48	static
sockets.c:1863:1:lwip_setsockopt	48	static
sockets.c:2281:1:lwip_ioctl	16	static
sockets.c:2347:1:lwip_fcntl	0	static
