pbuf.c:143:1:pbuf_free_ooseq_callback	8	static
pbuf.c:367:1:pbuf_alloced_custom	16	static
pbuf.c:511:1:pbuf_header	16	static
pbuf.c:618:1:pbuf_free	24	static
pbuf.c:207:1:pbuf_alloc	40	static
pbuf.c:430:1:pbuf_realloc	16	static
pbuf.c:704:1:pbuf_clen	0	static
pbuf.c:723:1:pbuf_ref	8	static
pbuf.c:745:1:pbuf_cat	16	static
pbuf.c:786:1:pbuf_chain	16	static
pbuf.c:803:1:pbuf_dechain	16	static
pbuf.c:852:1:pbuf_copy	24	static
pbuf.c:918:1:pbuf_copy_partial	32	static
pbuf.c:966:1:pbuf_take	32	static
pbuf.c:1010:1:pbuf_coalesce	24	static
pbuf.c:1042:1:pbuf_fill_chksum	24	static
pbuf.c:1077:1:pbuf_get_at	0	static
pbuf.c:1104:1:pbuf_memcmp	20	static
pbuf.c:1140:1:pbuf_memfind	24	static
pbuf.c:1168:1:pbuf_strstr	24	static
